2026-03-18 07:16:18 error: uncaughtException: Cannot access 'Subject' before initialization
ReferenceError: Cannot access 'Subject' before initialization
    at file:///C:/Users/User/Documents/SMS-back/modules/class/class.model.js:37:21
    at ModuleJob.run (node:internal/modules/esm/module_job:222:25)
    at async ModuleLoader.import (node:internal/modules/esm/loader:316:24)
    at async asyncRunEntryPointWithESMLoader (node:internal/modules/run_main:123:5)
2026-03-18 07:19:08 error: uncaughtException: Cannot access 'Subject' before initialization
ReferenceError: Cannot access 'Subject' before initialization
    at file:///C:/Users/User/Documents/SMS-back/modules/class/class.model.js:37:21
    at ModuleJob.run (node:internal/modules/esm/module_job:222:25)
    at async ModuleLoader.import (node:internal/modules/esm/loader:316:24)
    at async asyncRunEntryPointWithESMLoader (node:internal/modules/run_main:123:5)
2026-03-18 07:21:17 error: uncaughtException: Cannot access 'Class' before initialization
ReferenceError: Cannot access 'Class' before initialization
    at file:///C:/Users/User/Documents/SMS-back/modules/class/classSubject.model.js:33:24
    at ModuleJob.run (node:internal/modules/esm/module_job:222:25)
    at async ModuleLoader.import (node:internal/modules/esm/loader:316:24)
    at async asyncRunEntryPointWithESMLoader (node:internal/modules/run_main:123:5)
2026-03-18 07:22:07 error: uncaughtException: Cannot access 'Class' before initialization
ReferenceError: Cannot access 'Class' before initialization
    at file:///C:/Users/User/Documents/SMS-back/modules/class/classSubject.model.js:33:24
    at ModuleJob.run (node:internal/modules/esm/module_job:222:25)
    at async ModuleLoader.import (node:internal/modules/esm/loader:316:24)
    at async asyncRunEntryPointWithESMLoader (node:internal/modules/run_main:123:5)
2026-03-18 07:22:50 error: uncaughtException: Cannot access 'Class' before initialization
ReferenceError: Cannot access 'Class' before initialization
    at file:///C:/Users/User/Documents/SMS-back/modules/class/classSubject.model.js:33:24
    at ModuleJob.run (node:internal/modules/esm/module_job:222:25)
    at async ModuleLoader.import (node:internal/modules/esm/loader:316:24)
    at async asyncRunEntryPointWithESMLoader (node:internal/modules/run_main:123:5)
2026-03-18 20:14:52 error: uncaughtException: Cannot access 'Class' before initialization
ReferenceError: Cannot access 'Class' before initialization
    at file:///C:/Users/User/Documents/SMS-back/modules/class/classSubject.model.js:33:24
    at ModuleJob.run (node:internal/modules/esm/module_job:222:25)
    at async ModuleLoader.import (node:internal/modules/esm/loader:316:24)
    at async asyncRunEntryPointWithESMLoader (node:internal/modules/run_main:123:5)
2026-03-18 20:15:02 error: uncaughtException: Cannot access 'Class' before initialization
ReferenceError: Cannot access 'Class' before initialization
    at file:///C:/Users/User/Documents/SMS-back/modules/class/classSubject.model.js:33:24
    at ModuleJob.run (node:internal/modules/esm/module_job:222:25)
    at async ModuleLoader.import (node:internal/modules/esm/loader:316:24)
    at async asyncRunEntryPointWithESMLoader (node:internal/modules/run_main:123:5)
2026-03-18 20:15:44 error: uncaughtException: Cannot access 'Subject' before initialization
ReferenceError: Cannot access 'Subject' before initialization
    at file:///C:/Users/User/Documents/SMS-back/modules/class/class.model.js:37:21
    at ModuleJob.run (node:internal/modules/esm/module_job:222:25)
    at async ModuleLoader.import (node:internal/modules/esm/loader:316:24)
    at async asyncRunEntryPointWithESMLoader (node:internal/modules/run_main:123:5)
2026-03-18 20:16:15 error: uncaughtException: ClassSubject is not defined
ReferenceError: ClassSubject is not defined
    at file:///C:/Users/User/Documents/SMS-back/modules/subjects/subjects.model.js:25:12
    at ModuleJob.run (node:internal/modules/esm/module_job:222:25)
    at async ModuleLoader.import (node:internal/modules/esm/loader:316:24)
    at async asyncRunEntryPointWithESMLoader (node:internal/modules/run_main:123:5)
