2026-03-16 07:43:15 error: uncaughtException: Cannot access 'Class' before initialization
ReferenceError: Cannot access 'Class' before initialization
    at file:///C:/Users/User/Documents/SMS-back/modules/class/classSubject.model.js:32:1
    at ModuleJob.run (node:internal/modules/esm/module_job:222:25)
    at async ModuleLoader.import (node:internal/modules/esm/loader:316:24)
    at async asyncRunEntryPointWithESMLoader (node:internal/modules/run_main:123:5)
2026-03-16 07:44:04 error: uncaughtException: Cannot access 'Class' before initialization
ReferenceError: Cannot access 'Class' before initialization
    at file:///C:/Users/User/Documents/SMS-back/modules/class/classSubject.model.js:32:1
    at ModuleJob.run (node:internal/modules/esm/module_job:222:25)
    at async ModuleLoader.import (node:internal/modules/esm/loader:316:24)
    at async asyncRunEntryPointWithESMLoader (node:internal/modules/run_main:123:5)
2026-03-16 07:45:47 error: uncaughtException: Cannot access 'Class' before initialization
ReferenceError: Cannot access 'Class' before initialization
    at file:///C:/Users/User/Documents/SMS-back/modules/class/classSubject.model.js:29:1
    at ModuleJob.run (node:internal/modules/esm/module_job:222:25)
    at async ModuleLoader.import (node:internal/modules/esm/loader:316:24)
    at async asyncRunEntryPointWithESMLoader (node:internal/modules/run_main:123:5)
2026-03-16 08:03:38 error: uncaughtException: Class is not defined
ReferenceError: Class is not defined
    at file:///C:/Users/User/Documents/SMS-back/modules/class/classSubject.model.js:40:24
    at ModuleJob.run (node:internal/modules/esm/module_job:222:25)
    at async ModuleLoader.import (node:internal/modules/esm/loader:316:24)
    at async asyncRunEntryPointWithESMLoader (node:internal/modules/run_main:123:5)
2026-03-16 08:03:48 error: uncaughtException: Cannot access 'Class' before initialization
ReferenceError: Cannot access 'Class' before initialization
    at file:///C:/Users/User/Documents/SMS-back/modules/class/classSubject.model.js:41:24
    at ModuleJob.run (node:internal/modules/esm/module_job:222:25)
    at async ModuleLoader.import (node:internal/modules/esm/loader:316:24)
    at async asyncRunEntryPointWithESMLoader (node:internal/modules/run_main:123:5)
2026-03-16 08:04:15 error: uncaughtException: Cannot access 'Class' before initialization
ReferenceError: Cannot access 'Class' before initialization
    at file:///C:/Users/User/Documents/SMS-back/modules/class/classSubject.model.js:41:24
    at ModuleJob.run (node:internal/modules/esm/module_job:222:25)
    at async ModuleLoader.import (node:internal/modules/esm/loader:316:24)
    at async asyncRunEntryPointWithESMLoader (node:internal/modules/run_main:123:5)
2026-03-16 08:08:52 error: uncaughtException: Cannot access 'Class' before initialization
ReferenceError: Cannot access 'Class' before initialization
    at file:///C:/Users/User/Documents/SMS-back/modules/class/classSubject.model.js:41:24
    at ModuleJob.run (node:internal/modules/esm/module_job:222:25)
    at async ModuleLoader.import (node:internal/modules/esm/loader:316:24)
    at async asyncRunEntryPointWithESMLoader (node:internal/modules/run_main:123:5)
2026-03-16 08:08:57 error: uncaughtException: Cannot access 'Class' before initialization
ReferenceError: Cannot access 'Class' before initialization
    at file:///C:/Users/User/Documents/SMS-back/modules/class/classSubject.model.js:33:24
    at ModuleJob.run (node:internal/modules/esm/module_job:222:25)
    at async ModuleLoader.import (node:internal/modules/esm/loader:316:24)
    at async asyncRunEntryPointWithESMLoader (node:internal/modules/run_main:123:5)
2026-03-16 08:09:13 error: uncaughtException: Class is not defined
ReferenceError: Class is not defined
    at file:///C:/Users/User/Documents/SMS-back/modules/subjects/subjects.model.js:23:23
    at ModuleJob.run (node:internal/modules/esm/module_job:222:25)
    at async ModuleLoader.import (node:internal/modules/esm/loader:316:24)
    at async asyncRunEntryPointWithESMLoader (node:internal/modules/run_main:123:5)
2026-03-16 08:09:33 error: uncaughtException: Class is not defined
ReferenceError: Class is not defined
    at file:///C:/Users/User/Documents/SMS-back/modules/subjects/subjects.model.js:23:23
    at ModuleJob.run (node:internal/modules/esm/module_job:222:25)
    at async ModuleLoader.import (node:internal/modules/esm/loader:316:24)
    at async asyncRunEntryPointWithESMLoader (node:internal/modules/run_main:123:5)
2026-03-16 08:10:06 error: uncaughtException: Class is not defined
ReferenceError: Class is not defined
    at file:///C:/Users/User/Documents/SMS-back/modules/subjects/subjects.model.js:23:23
    at ModuleJob.run (node:internal/modules/esm/module_job:222:25)
    at async ModuleLoader.import (node:internal/modules/esm/loader:316:24)
    at async asyncRunEntryPointWithESMLoader (node:internal/modules/run_main:123:5)
2026-03-16 08:10:29 error: uncaughtException: Class is not defined
ReferenceError: Class is not defined
    at file:///C:/Users/User/Documents/SMS-back/modules/subjects/subjects.model.js:23:23
    at ModuleJob.run (node:internal/modules/esm/module_job:222:25)
    at async ModuleLoader.import (node:internal/modules/esm/loader:316:24)
    at async asyncRunEntryPointWithESMLoader (node:internal/modules/run_main:123:5)
2026-03-16 08:11:08 error: uncaughtException: Cannot access 'Subject' before initialization
ReferenceError: Cannot access 'Subject' before initialization
    at file:///C:/Users/User/Documents/SMS-back/modules/class/class.model.js:37:21
    at ModuleJob.run (node:internal/modules/esm/module_job:222:25)
    at async ModuleLoader.import (node:internal/modules/esm/loader:316:24)
    at async asyncRunEntryPointWithESMLoader (node:internal/modules/run_main:123:5)
2026-03-16 08:12:08 error: uncaughtException: Cannot access 'Subject' before initialization
ReferenceError: Cannot access 'Subject' before initialization
    at file:///C:/Users/User/Documents/SMS-back/modules/class/class.model.js:37:21
    at ModuleJob.run (node:internal/modules/esm/module_job:222:25)
    at async ModuleLoader.import (node:internal/modules/esm/loader:316:24)
    at async asyncRunEntryPointWithESMLoader (node:internal/modules/run_main:123:5)
